Archive member included to satisfy reference by file (symbol)

c:/program files (x86)/atollic/truestudio for stm32 9.0.0/armtools/bin/../lib/gcc/arm-atollic-eabi/6.3.1/../../../../arm-atollic-eabi/lib/armv7e-m/fpu\libc_nano.a(lib_a-init.o)
                              startup\startup_stm32f302x8.o (__libc_init_array)
c:/program files (x86)/atollic/truestudio for stm32 9.0.0/armtools/bin/../lib/gcc/arm-atollic-eabi/6.3.1/armv7e-m/fpu\libgcc.a(_lshrdi3.o)
                              Drivers\STM32F3xx_HAL_Driver\Src\stm32f3xx_hal_flash.o (__aeabi_llsr)

Allocating common symbols
Common symbol       size              file

f_obr_motor_3       0x4               Core\Src\ENKPWM_libF3.o
abs_period_motor_2  0x4               Core\Src\ENKPWM_libF3.o
htim15              0x40              Core\Src\PWM_libF3.o
htim17              0x40              Core\Src\ENKPWM_libF3.o
uwTick              0x4               Drivers\STM32F3xx_HAL_Driver\Src\stm32f3xx_hal.o
pFlash              0x20              Drivers\STM32F3xx_HAL_Driver\Src\stm32f3xx_hal_flash.o
f_obr_motor_2       0x4               Core\Src\ENKPWM_libF3.o
hadc1               0x54              Core\Src\ADC_libF3.o
Current             0xc               Core\Src\main.o
DMA_Stream          0x18              Core\Src\main.o
abs_period_motor_3  0x4               Core\Src\ENKPWM_libF3.o
abs_period_motor_1  0x4               Core\Src\ENKPWM_libF3.o
hdma_adc1           0x44              Core\Src\ADC_libF3.o
period_motor_2      0x4               Core\Src\ENKPWM_libF3.o
htim1               0x40              Core\Src\PWM_libF3.o
f_obr_motor_1       0x4               Core\Src\ENKPWM_libF3.o
htim2               0x40              Core\Src\ENKPWM_libF3.o
htim16              0x40              Core\Src\ENKPWM_libF3.o
period_motor_3      0x4               Core\Src\ENKPWM_libF3.o
period_motor_1      0x4               Core\Src\ENKPWM_libF3.o

Discarded input sections

 .text          0x00000000        0x0 c:/program files (x86)/atollic/truestudio for stm32 9.0.0/armtools/bin/../lib/gcc/arm-atollic-eabi/6.3.1/armv7e-m/fpu/crti.o
 .data          0x00000000        0x0 c:/program files (x86)/atollic/truestudio for stm32 9.0.0/armtools/bin/../lib/gcc/arm-atollic-eabi/6.3.1/armv7e-m/fpu/crti.o
 .bss           0x00000000        0x0 c:/program files (x86)/atollic/truestudio for stm32 9.0.0/armtools/bin/../lib/gcc/arm-atollic-eabi/6.3.1/armv7e-m/fpu/crti.o
 .data          0x00000000        0x4 c:/program files (x86)/atollic/truestudio for stm32 9.0.0/armtools/bin/../lib/gcc/arm-atollic-eabi/6.3.1/armv7e-m/fpu/crtbegin.o
 .text          0x00000000        0x0 Core\Src\ADC_libF3.o
 .data          0x00000000        0x0 Core\Src\ADC_libF3.o
 .bss           0x00000000        0x0 Core\Src\ADC_libF3.o
 .text          0x00000000        0x0 Core\Src\ENKPWM_libF3.o
 .data          0x00000000        0x0 Core\Src\ENKPWM_libF3.o
 .bss           0x00000000        0x0 Core\Src\ENKPWM_libF3.o
 .text          0x00000000        0x0 Core\Src\PWM_libF3.o
 .data          0x00000000        0x0 Core\Src\PWM_libF3.o
 .bss           0x00000000        0x0 Core\Src\PWM_libF3.o
 .text.StopMotors
                0x00000000       0x44 Core\Src\PWM_libF3.o
 .text          0x00000000        0x0 Core\Src\main.o
 .data          0x00000000        0x0 Core\Src\main.o
 .bss           0x00000000        0x0 Core\Src\main.o
 .text          0x00000000        0x0 Core\Src\stm32f3xx_hal_msp.o
 .data          0x00000000        0x0 Core\Src\stm32f3xx_hal_msp.o
 .bss           0x00000000        0x0 Core\Src\stm32f3xx_hal_msp.o
 .text.HAL_ADC_MspDeInit
                0x00000000       0x4c Core\Src\stm32f3xx_hal_msp.o
 .text.HAL_TIM_Base_MspDeInit
                0x00000000       0x84 Core\Src\stm32f3xx_hal_msp.o
 .text.HAL_TIM_PWM_MspDeInit
                0x00000000       0x1c Core\Src\stm32f3xx_hal_msp.o
 .text          0x00000000        0x0 Core\Src\stm32f3xx_it.o
 .data          0x00000000        0x0 Core\Src\stm32f3xx_it.o
 .bss           0x00000000        0x0 Core\Src\stm32f3xx_it.o
 .text          0x00000000        0x0 Core\Src\system_stm32f3xx.o
 .data          0x00000000        0x0 Core\Src\system_stm32f3xx.o
 .bss           0x00000000        0x0 Core\Src\system_stm32f3xx.o
 .text.SystemCoreClockUpdate
                0x00000000       0x68 Core\Src\system_stm32f3xx.o
 .rodata.APBPrescTable
                0x00000000        0x8 Core\Src\system_stm32f3xx.o
 .text          0x00000000        0x0 Drivers\STM32F3xx_HAL_Driver\Src\stm32f3xx_hal.o
 .data          0x00000000        0x0 Drivers\STM32F3xx_HAL_Driver\Src\stm32f3xx_hal.o
 .bss           0x00000000        0x0 Drivers\STM32F3xx_HAL_Driver\Src\stm32f3xx_hal.o
 .text.HAL_MspInit
                0x00000000        0x2 Drivers\STM32F3xx_HAL_Driver\Src\stm32f3xx_hal.o
 .text.HAL_MspDeInit
                0x00000000        0x2 Drivers\STM32F3xx_HAL_Driver\Src\stm32f3xx_hal.o
 .text.HAL_DeInit
                0x00000000       0x24 Drivers\STM32F3xx_HAL_Driver\Src\stm32f3xx_hal.o
[...]
Memory Configuration

Name             Origin             Length             Attributes
RAM              0x20000000         0x00004000         xrw
FLASH            0x08000000         0x00008000         xr
*default*        0x00000000         0xffffffff

Linker script and memory map

LOAD c:/program files (x86)/atollic/truestudio for stm32 9.0.0/armtools/bin/../lib/gcc/arm-atollic-eabi/6.3.1/armv7e-m/fpu/crti.o
LOAD c:/program files (x86)/atollic/truestudio for stm32 9.0.0/armtools/bin/../lib/gcc/arm-atollic-eabi/6.3.1/armv7e-m/fpu/crtbegin.o
LOAD Core\Src\ADC_libF3.o
LOAD Core\Src\ENKPWM_libF3.o
LOAD Core\Src\PWM_libF3.o
LOAD Core\Src\main.o
LOAD Core\Src\stm32f3xx_hal_msp.o
LOAD Core\Src\stm32f3xx_it.o
LOAD Core\Src\system_stm32f3xx.o
LOAD Drivers\STM32F3xx_HAL_Driver\Src\stm32f3xx_hal.o
LOAD Drivers\STM32F3xx_HAL_Driver\Src\stm32f3xx_hal_adc.o
LOAD Drivers\STM32F3xx_HAL_Driver\Src\stm32f3xx_hal_adc_ex.o
LOAD Drivers\STM32F3xx_HAL_Driver\Src\stm32f3xx_hal_cortex.o
LOAD Drivers\STM32F3xx_HAL_Driver\Src\stm32f3xx_hal_dma.o
LOAD Drivers\STM32F3xx_HAL_Driver\Src\stm32f3xx_hal_flash.o
LOAD Drivers\STM32F3xx_HAL_Driver\Src\stm32f3xx_hal_flash_ex.o
LOAD Drivers\STM32F3xx_HAL_Driver\Src\stm32f3xx_hal_gpio.o
LOAD Drivers\STM32F3xx_HAL_Driver\Src\stm32f3xx_hal_i2c.o
LOAD Drivers\STM32F3xx_HAL_Driver\Src\stm32f3xx_hal_i2c_ex.o
LOAD Drivers\STM32F3xx_HAL_Driver\Src\stm32f3xx_hal_pwr.o
LOAD Drivers\STM32F3xx_HAL_Driver\Src\stm32f3xx_hal_pwr_ex.o
LOAD Drivers\STM32F3xx_HAL_Driver\Src\stm32f3xx_hal_rcc.o
LOAD Drivers\STM32F3xx_HAL_Driver\Src\stm32f3xx_hal_rcc_ex.o
LOAD Drivers\STM32F3xx_HAL_Driver\Src\stm32f3xx_hal_tim.o
LOAD Drivers\STM32F3xx_HAL_Driver\Src\stm32f3xx_hal_tim_ex.o
LOAD startup\startup_stm32f302x8.o
                0x00000080                malloc_getpagesize_P = 0x80
START GROUP
LOAD c:/program files (x86)/atollic/truestudio for stm32 9.0.0/armtools/bin/../lib/gcc/arm-atollic-eabi/6.3.1/../../../../arm-atollic-eabi/lib/armv7e-m/fpu\libc_nano.a
LOAD c:/program files (x86)/atollic/truestudio for stm32 9.0.0/armtools/bin/../lib/gcc/arm-atollic-eabi/6.3.1/../../../../arm-atollic-eabi/lib/armv7e-m/fpu\libm.a
END GROUP
START GROUP
LOAD c:/program files (x86)/atollic/truestudio for stm32 9.0.0/armtools/bin/../lib/gcc/arm-atollic-eabi/6.3.1/armv7e-m/fpu\libgcc.a
LOAD c:/program files (x86)/atollic/truestudio for stm32 9.0.0/armtools/bin/../lib/gcc/arm-atollic-eabi/6.3.1/../../../../arm-atollic-eabi/lib/armv7e-m/fpu\libc_nano.a
END GROUP
START GROUP
LOAD c:/program files (x86)/atollic/truestudio for stm32 9.0.0/armtools/bin/../lib/gcc/arm-atollic-eabi/6.3.1/armv7e-m/fpu\libgcc.a
LOAD c:/program files (x86)/atollic/truestudio for stm32 9.0.0/armtools/bin/../lib/gcc/arm-atollic-eabi/6.3.1/../../../../arm-atollic-eabi/lib/armv7e-m/fpu\libc_nano.a
LOAD c:/program files (x86)/atollic/truestudio for stm32 9.0.0/armtools/bin/../lib/gcc/arm-atollic-eabi/6.3.1/../../../../arm-atollic-eabi/lib/armv7e-m/fpu\libnosys.a
END GROUP
START GROUP
LOAD c:/program files (x86)/atollic/truestudio for stm32 9.0.0/armtools/bin/../lib/gcc/arm-atollic-eabi/6.3.1/armv7e-m/fpu\libgcc.a
LOAD c:/program files (x86)/atollic/truestudio for stm32 9.0.0/armtools/bin/../lib/gcc/arm-atollic-eabi/6.3.1/../../../../arm-atollic-eabi/lib/armv7e-m/fpu\libc_nano.a
LOAD c:/program files (x86)/atollic/truestudio for stm32 9.0.0/armtools/bin/../lib/gcc/arm-atollic-eabi/6.3.1/../../../../arm-atollic-eabi/lib/armv7e-m/fpu\libnosys.a
END GROUP
LOAD c:/program files (x86)/atollic/truestudio for stm32 9.0.0/armtools/bin/../lib/gcc/arm-atollic-eabi/6.3.1/armv7e-m/fpu/crtend.o
LOAD c:/program files (x86)/atollic/truestudio for stm32 9.0.0/armtools/bin/../lib/gcc/arm-atollic-eabi/6.3.1/armv7e-m/fpu/crtn.o
                0x20004000                _estack = 0x20004000
                0x00000200                _Min_Heap_Size = 0x200
                0x00000400                _Min_Stack_Size = 0x400

.isr_vector     0x08000000      0x188
                0x08000000                . = ALIGN (0x4)
 *(.isr_vector)
 .isr_vector    0x08000000      0x188 startup\startup_stm32f302x8.o
                0x08000000                g_pfnVectors
                0x08000188                . = ALIGN (0x4)

.text           0x08000188     0x2ab0
                0x08000188                . = ALIGN (0x4)
 *(.text)
 .text          0x08000188       0x40 c:/program files (x86)/atollic/truestudio for stm32 9.0.0/armtools/bin/../lib/gcc/arm-atollic-eabi/6.3.1/armv7e-m/fpu/crtbegin.o
 *(.text*)
 .text.ENK_Init
                0x080001c8       0x60 Core\Src\ENKPWM_libF3.o
                0x080001c8                ENK_Init
 .text.HAL_TIM_IC_CaptureCallback
                0x08000228      0x108 Core\Src\ENKPWM_libF3.o
                0x08000228                HAL_TIM_IC_CaptureCallback
 .text.HAL_TIM_PeriodElapsedCallback
                0x08000330       0x54 Core\Src\ENKPWM_libF3.o
                0x08000330                HAL_TIM_PeriodElapsedCallback
 .text.frequency_ret
                0x08000384       0x3c Core\Src\ENKPWM_libF3.o
                0x08000384                frequency_ret
 .text.PWM_Init
                0x080003c0       0x44 Core\Src\PWM_libF3.o
                0x080003c0                PWM_Init
 .text.StartMotors
                0x08000404       0x44 Core\Src\PWM_libF3.o
                0x08000404                StartMotors
 .text.SetPWM   0x08000448       0x34 Core\Src\PWM_libF3.o
                0x08000448                SetPWM
 .text.SystemClock_Config
                0x0800047c       0x78 Core\Src\main.o
                0x0800047c                SystemClock_Config
 .text.startup.main
                0x080004f4      0x438 Core\Src\main.o
                0x080004f4                main
 .text._Error_Handler
                0x0800092c        0x2 Core\Src\main.o
                0x0800092c                _Error_Handler
 *fill*         0x0800092e        0x2 
 .text.HAL_MspInit
                0x08000930       0x7c Core\Src\stm32f3xx_hal_msp.o
                0x08000930                HAL_MspInit
 .text.HAL_ADC_MspInit
                0x080009ac       0xac Core\Src\stm32f3xx_hal_msp.o
                0x080009ac                HAL_ADC_MspInit
 .text.HAL_TIM_Base_MspInit
                0x08000a58      0x118 Core\Src\stm32f3xx_hal_msp.o
                0x08000a58                HAL_TIM_Base_MspInit
 .text.HAL_TIM_PWM_MspInit
                0x08000b70       0x28 Core\Src\stm32f3xx_hal_msp.o
                0x08000b70                HAL_TIM_PWM_MspInit
 .text.HAL_TIM_MspPostInit
                0x08000b98       0x68 Core\Src\stm32f3xx_hal_msp.o
                0x08000b98                HAL_TIM_MspPostInit
 .text.NMI_Handler
                0x08000c00        0x2 Core\Src\stm32f3xx_it.o
                0x08000c00                NMI_Handler
 .text.HardFault_Handler
                0x08000c02        0x2 Core\Src\stm32f3xx_it.o
                0x08000c02                HardFault_Handler
 .text.MemManage_Handler
                0x08000c04        0x2 Core\Src\stm32f3xx_it.o
                0x08000c04                MemManage_Handler
 .text.BusFault_Handler
                0x08000c06        0x2 Core\Src\stm32f3xx_it.o
                0x08000c06                BusFault_Handler
 .text.UsageFault_Handler
                0x08000c08        0x2 Core\Src\stm32f3xx_it.o
                0x08000c08                UsageFault_Handler
 .text.SVC_Handler
                0x08000c0a        0x2 Core\Src\stm32f3xx_it.o
                0x08000c0a                SVC_Handler
 .text.DebugMon_Handler
                0x08000c0c        0x2 Core\Src\stm32f3xx_it.o
                0x08000c0c                DebugMon_Handler
 .text.PendSV_Handler
                0x08000c0e        0x2 Core\Src\stm32f3xx_it.o
                0x08000c0e                PendSV_Handler
 .text.SysTick_Handler
                0x08000c10        0xe Core\Src\stm32f3xx_it.o
                0x08000c10                SysTick_Handler
 *fill*         0x08000c1e        0x2 
 .text.DMA1_Channel1_IRQHandler
                0x08000c20        0xc Core\Src\stm32f3xx_it.o
                0x08000c20                DMA1_Channel1_IRQHandler
 .text.TIM1_UP_TIM16_IRQHandler
                0x08000c2c       0x1c Core\Src\stm32f3xx_it.o
                0x08000c2c                TIM1_UP_TIM16_IRQHandler
 .text.TIM1_TRG_COM_TIM17_IRQHandler
                0x08000c48       0x1c Core\Src\stm32f3xx_it.o
                0x08000c48                TIM1_TRG_COM_TIM17_IRQHandler
 .text.TIM2_IRQHandler
                0x08000c64        0xc Core\Src\stm32f3xx_it.o
                0x08000c64                TIM2_IRQHandler
 .text.SystemInit
                0x08000c70       0x68 Core\Src\system_stm32f3xx.o
                0x08000c70                SystemInit
 .text.HAL_InitTick
                0x08000cd8       0x48 Drivers\STM32F3xx_HAL_Driver\Src\stm32f3xx_hal.o
                0x08000cd8                HAL_InitTick
 .text.HAL_Init
                0x08000d20       0x24 Drivers\STM32F3xx_HAL_Driver\Src\stm32f3xx_hal.o
                0x08000d20                HAL_Init
 .text.HAL_IncTick
                0x08000d44       0x18 Drivers\STM32F3xx_HAL_Driver\Src\stm32f3xx_hal.o
                0x08000d44                HAL_IncTick
 .text.HAL_GetTick
                0x08000d5c        0xc Drivers\STM32F3xx_HAL_Driver\Src\stm32f3xx_hal.o
                0x08000d5c                HAL_GetTick
 .text.HAL_ADC_ConvCpltCallback
                0x08000d68        0x2 Drivers\STM32F3xx_HAL_Driver\Src\stm32f3xx_hal_adc.o
                0x08000d68                HAL_ADC_ConvCpltCallback
 .text.HAL_ADC_ConvHalfCpltCallback
                0x08000d6a        0x2 Drivers\STM32F3xx_HAL_Driver\Src\stm32f3xx_hal_adc.o
                0x08000d6a                HAL_ADC_ConvHalfCpltCallback
 .text.HAL_ADC_ErrorCallback
                0x08000d6c        0x2 Drivers\STM32F3xx_HAL_Driver\Src\stm32f3xx_hal_adc.o
                0x08000d6c                HAL_ADC_ErrorCallback
 .text.ADC_Disable
                0x08000d6e       0x6e Drivers\STM32F3xx_HAL_Driver\Src\stm32f3xx_hal_adc_ex.o
 .text.ADC_Enable
                0x08000ddc       0x5c Drivers\STM32F3xx_HAL_Driver\Src\stm32f3xx_hal_adc_ex.o
 .text.ADC_DMAError
                0x08000e38       0x16 Drivers\STM32F3xx_HAL_Driver\Src\stm32f3xx_hal_adc_ex.o
 .text.ADC_DMAHalfConvCplt
                0x08000e4e        0x6 Drivers\STM32F3xx_HAL_Driver\Src\stm32f3xx_hal_adc_ex.o
 .text.ADC_DMAConvCplt
                0x08000e54       0x42 Drivers\STM32F3xx_HAL_Driver\Src\stm32f3xx_hal_adc_ex.o
 *fill*         0x08000e96        0x2 
 .text.HAL_ADC_Init
                0x08000e98      0x1cc Drivers\STM32F3xx_HAL_Driver\Src\stm32f3xx_hal_adc_ex.o
                0x08000e98                HAL_ADC_Init
 .text.HAL_ADC_Start_DMA
                0x08001064       0xc0 Drivers\STM32F3xx_HAL_Driver\Src\stm32f3xx_hal_adc_ex.o
                0x08001064                HAL_ADC_Start_DMA
 .text.HAL_ADC_ConfigChannel
                0x08001124      0x2c8 Drivers\STM32F3xx_HAL_Driver\Src\stm32f3xx_hal_adc_ex.o
                0x08001124                HAL_ADC_ConfigChannel
 .text.HAL_NVIC_SetPriorityGrouping
                0x080013ec       0x24 Drivers\STM32F3xx_HAL_Driver\Src\stm32f3xx_hal_cortex.o
                0x080013ec                HAL_NVIC_SetPriorityGrouping
 .text.HAL_NVIC_SetPriority
                0x08001410       0x68 Drivers\STM32F3xx_HAL_Driver\Src\stm32f3xx_hal_cortex.o
                0x08001410                HAL_NVIC_SetPriority
 .text.HAL_NVIC_EnableIRQ
                0x08001478       0x18 Drivers\STM32F3xx_HAL_Driver\Src\stm32f3xx_hal_cortex.o
                0x08001478                HAL_NVIC_EnableIRQ
 .text.HAL_SYSTICK_Config
                0x08001490       0x2c Drivers\STM32F3xx_HAL_Driver\Src\stm32f3xx_hal_cortex.o
                0x08001490                HAL_SYSTICK_Config
 .text.HAL_SYSTICK_CLKSourceConfig
                0x080014bc       0x18 Drivers\STM32F3xx_HAL_Driver\Src\stm32f3xx_hal_cortex.o
                0x080014bc                HAL_SYSTICK_CLKSourceConfig
 .text.HAL_SYSTICK_Callback
                0x080014d4        0x2 Drivers\STM32F3xx_HAL_Driver\Src\stm32f3xx_hal_cortex.o
                0x080014d4                HAL_SYSTICK_Callback
 .text.HAL_SYSTICK_IRQHandler
                0x080014d6        0x8 Drivers\STM32F3xx_HAL_Driver\Src\stm32f3xx_hal_cortex.o
                0x080014d6                HAL_SYSTICK_IRQHandler
 *fill*         0x080014de        0x2 
 .text.HAL_DMA_Init
                0x080014e0       0x68 Drivers\STM32F3xx_HAL_Driver\Src\stm32f3xx_hal_dma.o
                0x080014e0                HAL_DMA_Init
 .text.HAL_DMA_Start_IT
                0x08001548       0x7a Drivers\STM32F3xx_HAL_Driver\Src\stm32f3xx_hal_dma.o
                0x08001548                HAL_DMA_Start_IT
 .text.HAL_DMA_IRQHandler
                0x080015c2       0x90 Drivers\STM32F3xx_HAL_Driver\Src\stm32f3xx_hal_dma.o
                0x080015c2                HAL_DMA_IRQHandler
 *fill*         0x08001652        0x2 
 .text.HAL_GPIO_Init
                0x08001654      0x174 Drivers\STM32F3xx_HAL_Driver\Src\stm32f3xx_hal_gpio.o
                0x08001654                HAL_GPIO_Init
 .text.HAL_GPIO_ReadPin
                0x080017c8        0xc Drivers\STM32F3xx_HAL_Driver\Src\stm32f3xx_hal_gpio.o
                0x080017c8                HAL_GPIO_ReadPin
 .text.HAL_GPIO_WritePin
                0x080017d4        0xa Drivers\STM32F3xx_HAL_Driver\Src\stm32f3xx_hal_gpio.o
                0x080017d4                HAL_GPIO_WritePin
 *fill*         0x080017de        0x2 
 .text.HAL_RCC_OscConfig
                0x080017e0      0x4e4 Drivers\STM32F3xx_HAL_Driver\Src\stm32f3xx_hal_rcc.o
                0x080017e0                HAL_RCC_OscConfig
 .text.HAL_RCC_GetSysClockFreq
                0x08001cc4       0x64 Drivers\STM32F3xx_HAL_Driver\Src\stm32f3xx_hal_rcc.o
                0x08001cc4                HAL_RCC_GetSysClockFreq
 .text.HAL_RCC_ClockConfig
                0x08001d28      0x184 Drivers\STM32F3xx_HAL_Driver\Src\stm32f3xx_hal_rcc.o
                0x08001d28                HAL_RCC_ClockConfig
 .text.HAL_RCC_GetHCLKFreq
                0x08001eac        0xc Drivers\STM32F3xx_HAL_Driver\Src\stm32f3xx_hal_rcc.o
                0x08001eac                HAL_RCC_GetHCLKFreq
 .text.HAL_RCCEx_PeriphCLKConfig
                0x08001eb8      0x1e4 Drivers\STM32F3xx_HAL_Driver\Src\stm32f3xx_hal_rcc_ex.o
                0x08001eb8                HAL_RCCEx_PeriphCLKConfig
 .text.HAL_TIM_Base_Start
                0x0800209c       0x1a Drivers\STM32F3xx_HAL_Driver\Src\stm32f3xx_hal_tim.o
                0x0800209c                HAL_TIM_Base_Start
 .text.HAL_TIM_IC_MspInit
                0x080020b6        0x2 Drivers\STM32F3xx_HAL_Driver\Src\stm32f3xx_hal_tim.o
                0x080020b6                HAL_TIM_IC_MspInit
 .text.HAL_TIM_ReadCapturedValue
                0x080020b8       0x46 Drivers\STM32F3xx_HAL_Driver\Src\stm32f3xx_hal_tim.o
                0x080020b8                HAL_TIM_ReadCapturedValue
 .text.HAL_TIM_OC_DelayElapsedCallback
                0x080020fe        0x2 Drivers\STM32F3xx_HAL_Driver\Src\stm32f3xx_hal_tim.o
                0x080020fe                HAL_TIM_OC_DelayElapsedCallback
 .text.HAL_TIM_PWM_PulseFinishedCallback
                0x08002100        0x2 Drivers\STM32F3xx_HAL_Driver\Src\stm32f3xx_hal_tim.o
                0x08002100                HAL_TIM_PWM_PulseFinishedCallback
 .text.HAL_TIM_TriggerCallback
                0x08002102        0x2 Drivers\STM32F3xx_HAL_Driver\Src\stm32f3xx_hal_tim.o
                0x08002102                HAL_TIM_TriggerCallback
 .text.HAL_TIM_IRQHandler
                0x08002104      0x160 Drivers\STM32F3xx_HAL_Driver\Src\stm32f3xx_hal_tim.o
                0x08002104                HAL_TIM_IRQHandler
 .text.TIM_Base_SetConfig
                0x08002264       0x84 Drivers\STM32F3xx_HAL_Driver\Src\stm32f3xx_hal_tim.o
                0x08002264                TIM_Base_SetConfig
 .text.HAL_TIM_Base_Init
                0x080022e8       0x34 Drivers\STM32F3xx_HAL_Driver\Src\stm32f3xx_hal_tim.o
                0x080022e8                HAL_TIM_Base_Init
 .text.HAL_TIM_PWM_Init
                0x0800231c       0x34 Drivers\STM32F3xx_HAL_Driver\Src\stm32f3xx_hal_tim.o
                0x0800231c                HAL_TIM_PWM_Init
 .text.HAL_TIM_IC_Init
                0x08002350       0x34 Drivers\STM32F3xx_HAL_Driver\Src\stm32f3xx_hal_tim.o
                0x08002350                HAL_TIM_IC_Init
 .text.TIM_OC1_SetConfig
                0x08002384       0x88 Drivers\STM32F3xx_HAL_Driver\Src\stm32f3xx_hal_tim.o
                0x08002384                TIM_OC1_SetConfig
 .text.TIM_OC2_SetConfig
                0x0800240c       0x78 Drivers\STM32F3xx_HAL_Driver\Src\stm32f3xx_hal_tim.o
                0x0800240c                TIM_OC2_SetConfig
 .text.TIM_OC3_SetConfig
                0x08002484       0x78 Drivers\STM32F3xx_HAL_Driver\Src\stm32f3xx_hal_tim.o
                0x08002484                TIM_OC3_SetConfig
 .text.TIM_OC4_SetConfig
                0x080024fc       0x60 Drivers\STM32F3xx_HAL_Driver\Src\stm32f3xx_hal_tim.o
                0x080024fc                TIM_OC4_SetConfig
 .text.TIM_TI1_SetConfig
                0x0800255c       0x4c Drivers\STM32F3xx_HAL_Driver\Src\stm32f3xx_hal_tim.o
                0x0800255c                TIM_TI1_SetConfig
 .text.HAL_TIM_IC_ConfigChannel
                0x080025a8      0x110 Drivers\STM32F3xx_HAL_Driver\Src\stm32f3xx_hal_tim.o
                0x080025a8                HAL_TIM_IC_ConfigChannel
 .text.TIM_ETR_SetConfig
                0x080026b8       0x14 Drivers\STM32F3xx_HAL_Driver\Src\stm32f3xx_hal_tim.o
                0x080026b8                TIM_ETR_SetConfig
 .text.HAL_TIM_ConfigClockSource
                0x080026cc      0x16c Drivers\STM32F3xx_HAL_Driver\Src\stm32f3xx_hal_tim.o
                0x080026cc                HAL_TIM_ConfigClockSource
 .text.TIM_CCxChannelCmd
                0x08002838       0x18 Drivers\STM32F3xx_HAL_Driver\Src\stm32f3xx_hal_tim.o
                0x08002838                TIM_CCxChannelCmd
 .text.HAL_TIM_PWM_Start
                0x08002850       0x44 Drivers\STM32F3xx_HAL_Driver\Src\stm32f3xx_hal_tim.o
                0x08002850                HAL_TIM_PWM_Start
 .text.HAL_TIM_IC_Start_IT
                0x08002894       0x58 Drivers\STM32F3xx_HAL_Driver\Src\stm32f3xx_hal_tim.o
                0x08002894                HAL_TIM_IC_Start_IT
 .text.TIM_OC5_SetConfig
                0x080028ec       0x60 Drivers\STM32F3xx_HAL_Driver\Src\stm32f3xx_hal_tim_ex.o
 .text.TIM_OC6_SetConfig
                0x0800294c       0x60 Drivers\STM32F3xx_HAL_Driver\Src\stm32f3xx_hal_tim_ex.o
 .text.HAL_TIM_PWM_ConfigChannel
                0x080029ac      0x10e Drivers\STM32F3xx_HAL_Driver\Src\stm32f3xx_hal_tim_ex.o
                0x080029ac                HAL_TIM_PWM_ConfigChannel
 *fill*         0x08002aba        0x2 
 .text.HAL_TIMEx_MasterConfigSynchronization
                0x08002abc       0x44 Drivers\STM32F3xx_HAL_Driver\Src\stm32f3xx_hal_tim_ex.o
                0x08002abc                HAL_TIMEx_MasterConfigSynchronization
 .text.HAL_TIMEx_ConfigBreakDeadTime
                0x08002b00       0x7c Drivers\STM32F3xx_HAL_Driver\Src\stm32f3xx_hal_tim_ex.o
                0x08002b00                HAL_TIMEx_ConfigBreakDeadTime
 .text.HAL_TIMEx_CommutationCallback
                0x08002b7c        0x2 Drivers\STM32F3xx_HAL_Driver\Src\stm32f3xx_hal_tim_ex.o
                0x08002b7c                HAL_TIMEx_CommutationCallback
 .text.HAL_TIMEx_BreakCallback
                0x08002b7e        0x2 Drivers\STM32F3xx_HAL_Driver\Src\stm32f3xx_hal_tim_ex.o
                0x08002b7e                HAL_TIMEx_BreakCallback
 .text.HAL_TIMEx_Break2Callback
                0x08002b80        0x2 Drivers\STM32F3xx_HAL_Driver\Src\stm32f3xx_hal_tim_ex.o
                0x08002b80                HAL_TIMEx_Break2Callback
 *fill*         0x08002b82        0x2 
 .text.Reset_Handler
                0x08002b84       0x50 startup\startup_stm32f302x8.o
                0x08002b84                Reset_Handler
 .text.Default_Handler
                0x08002bd4        0x2 startup\startup_stm32f302x8.o
                0x08002bd4                RTC_Alarm_IRQHandler
                0x08002bd4                TIM1_CC_IRQHandler
                0x08002bd4                USB_HP_IRQHandler
                0x08002bd4                PVD_IRQHandler
                0x08002bd4                TAMP_STAMP_IRQHandler
                0x08002bd4                EXTI3_IRQHandler
                0x08002bd4                I2C3_ER_IRQHandler
                0x08002bd4                USB_HP_CAN_TX_IRQHandler
                0x08002bd4                EXTI0_IRQHandler
                0x08002bd4                I2C2_EV_IRQHandler
                0x08002bd4                FPU_IRQHandler
                0x08002bd4                CAN_SCE_IRQHandler
                0x08002bd4                TIM6_DAC_IRQHandler
                0x08002bd4                DMA1_Channel4_IRQHandler
                0x08002bd4                ADC1_IRQHandler
                0x08002bd4                USART3_IRQHandler
                0x08002bd4                DMA1_Channel7_IRQHandler
                0x08002bd4                CAN_RX1_IRQHandler
                0x08002bd4                I2C1_EV_IRQHandler
                0x08002bd4                DMA1_Channel6_IRQHandler
                0x08002bd4                RCC_IRQHandler
                0x08002bd4                Default_Handler
                0x08002bd4                USBWakeUp_RMP_IRQHandler
                0x08002bd4                EXTI15_10_IRQHandler
                0x08002bd4                COMP2_IRQHandler
                0x08002bd4                I2C3_EV_IRQHandler
                0x08002bd4                EXTI9_5_IRQHandler
                0x08002bd4                RTC_WKUP_IRQHandler
                0x08002bd4                SPI2_IRQHandler
                0x08002bd4                USB_LP_CAN_RX0_IRQHandler
                0x08002bd4                DMA1_Channel5_IRQHandler
                0x08002bd4                USB_LP_IRQHandler
                0x08002bd4                EXTI4_IRQHandler
                0x08002bd4                DMA1_Channel3_IRQHandler
                0x08002bd4                WWDG_IRQHandler
                0x08002bd4                EXTI1_IRQHandler
                0x08002bd4                COMP4_6_IRQHandler
                0x08002bd4                USART2_IRQHandler
                0x08002bd4                I2C2_ER_IRQHandler
                0x08002bd4                DMA1_Channel2_IRQHandler
                0x08002bd4                FLASH_IRQHandler
                0x08002bd4                USART1_IRQHandler
                0x08002bd4                SPI3_IRQHandler
                0x08002bd4                I2C1_ER_IRQHandler
                0x08002bd4                USBWakeUp_IRQHandler
                0x08002bd4                EXTI2_TSC_IRQHandler
                0x08002bd4                TIM1_BRK_TIM15_IRQHandler
 *fill*         0x08002bd6        0x2 
 .text.__libc_init_array
                0x08002bd8       0x48 c:/program files (x86)/atollic/truestudio for stm32 9.0.0/armtools/bin/../lib/gcc/arm-atollic-eabi/6.3.1/../../../../arm-atollic-eabi/lib/armv7e-m/fpu\libc_nano.a(lib_a-init.o)
                0x08002bd8                __libc_init_array
 *(.glue_7)
 .glue_7        0x08002c20        0x0 linker stubs
 *(.glue_7t)
 .glue_7t       0x08002c20        0x0 linker stubs
 *(.eh_frame)
 .eh_frame      0x08002c20        0x0 c:/program files (x86)/atollic/truestudio for stm32 9.0.0/armtools/bin/../lib/gcc/arm-atollic-eabi/6.3.1/armv7e-m/fpu/crtbegin.o
 *(.init)
 .init          0x08002c20        0x4 c:/program files (x86)/atollic/truestudio for stm32 9.0.0/armtools/bin/../lib/gcc/arm-atollic-eabi/6.3.1/armv7e-m/fpu/crti.o
                0x08002c20                _init
 .init          0x08002c24        0x8 c:/program files (x86)/atollic/truestudio for stm32 9.0.0/armtools/bin/../lib/gcc/arm-atollic-eabi/6.3.1/armv7e-m/fpu/crtn.o
 *(.fini)
 .fini          0x08002c2c        0x4 c:/program files (x86)/atollic/truestudio for stm32 9.0.0/armtools/bin/../lib/gcc/arm-atollic-eabi/6.3.1/armv7e-m/fpu/crti.o
                0x08002c2c                _fini
 .fini          0x08002c30        0x8 c:/program files (x86)/atollic/truestudio for stm32 9.0.0/armtools/bin/../lib/gcc/arm-atollic-eabi/6.3.1/armv7e-m/fpu/crtn.o
                0x08002c38                . = ALIGN (0x4)
                0x08002c38                _etext = .

.vfp11_veneer   0x08002c38        0x0
 .vfp11_veneer  0x08002c38        0x0 linker stubs

.v4_bx          0x08002c38        0x0
 .v4_bx         0x08002c38        0x0 linker stubs

.iplt           0x08002c38        0x0
 .iplt          0x08002c38        0x0 c:/program files (x86)/atollic/truestudio for stm32 9.0.0/armtools/bin/../lib/gcc/arm-atollic-eabi/6.3.1/armv7e-m/fpu/crtbegin.o

.rodata         0x08002c38       0x50
                0x08002c38                . = ALIGN (0x4)
 *(.rodata)
 *(.rodata*)
 .rodata.HAL_ADC_MspInit.str1.1
                0x08002c38       0x20 Core\Src\stm32f3xx_hal_msp.o
 .rodata.AHBPrescTable
                0x08002c58       0x10 Core\Src\system_stm32f3xx.o
                0x08002c58                AHBPrescTable
 .rodata.aPLLMULFactorTable
                0x08002c68       0x10 Drivers\STM32F3xx_HAL_Driver\Src\stm32f3xx_hal_rcc.o
                0x08002c68                aPLLMULFactorTable
 .rodata.aPredivFactorTable
                0x08002c78       0x10 Drivers\STM32F3xx_HAL_Driver\Src\stm32f3xx_hal_rcc.o
                0x08002c78                aPredivFactorTable
                0x08002c88                . = ALIGN (0x4)

.rel.dyn        0x08002c88        0x0
 .rel.iplt      0x08002c88        0x0 c:/program files (x86)/atollic/truestudio for stm32 9.0.0/armtools/bin/../lib/gcc/arm-atollic-eabi/6.3.1/armv7e-m/fpu/crtbegin.o

.ARM.extab
 *(.ARM.extab* .gnu.linkonce.armextab.*)

.ARM            0x08002c88        0x0
                0x08002c88                __exidx_start = .
 *(.ARM.exidx*)
                0x08002c88                __exidx_end = .

.preinit_array  0x08002c88        0x0
                0x08002c88                PROVIDE (__preinit_array_start, .)
 *(.preinit_array*)
                0x08002c88                PROVIDE (__preinit_array_end, .)

.init_array     0x08002c88        0x4
                0x08002c88                PROVIDE (__init_array_start, .)
 *(SORT(.init_array.*))
 *(.init_array*)
 .init_array    0x08002c88        0x4 c:/program files (x86)/atollic/truestudio for stm32 9.0.0/armtools/bin/../lib/gcc/arm-atollic-eabi/6.3.1/armv7e-m/fpu/crtbegin.o
                0x08002c8c                PROVIDE (__init_array_end, .)

.fini_array     0x08002c8c        0x4
                [!provide]                PROVIDE (__fini_array_start, .)
 *(SORT(.fini_array.*))
 *(.fini_array*)
 .fini_array    0x08002c8c        0x4 c:/program files (x86)/atollic/truestudio for stm32 9.0.0/armtools/bin/../lib/gcc/arm-atollic-eabi/6.3.1/armv7e-m/fpu/crtbegin.o
                [!provide]                PROVIDE (__fini_array_end, .)
                0x08002c90                _sidata = LOADADDR (.data)

.data           0x20000000        0xc load address 0x08002c90
                0x20000000                . = ALIGN (0x4)
                0x20000000                _sdata = .
 *(.data)
 *(.data*)
 .data.SystemCoreClock
                0x20000000        0x4 Core\Src\system_stm32f3xx.o
                0x20000000                SystemCoreClock
 .data.uwTickFreq
                0x20000004        0x1 Drivers\STM32F3xx_HAL_Driver\Src\stm32f3xx_hal.o
                0x20000004                uwTickFreq
 *fill*         0x20000005        0x3 
 .data.uwTickPrio
                0x20000008        0x4 Drivers\STM32F3xx_HAL_Driver\Src\stm32f3xx_hal.o
                0x20000008                uwTickPrio
                0x2000000c                . = ALIGN (0x4)
                0x2000000c                _edata = .

.igot.plt       0x2000000c        0x0 load address 0x08002c9c
 .igot.plt      0x2000000c        0x0 c:/program files (x86)/atollic/truestudio for stm32 9.0.0/armtools/bin/../lib/gcc/arm-atollic-eabi/6.3.1/armv7e-m/fpu/crtbegin.o
                0x2000000c                . = ALIGN (0x4)

.bss            0x2000000c      0x240 load address 0x08002c9c
                0x2000000c                _sbss = .
                0x2000000c                __bss_start__ = _sbss
 *(.bss)
 .bss           0x2000000c       0x1c c:/program files (x86)/atollic/truestudio for stm32 9.0.0/armtools/bin/../lib/gcc/arm-atollic-eabi/6.3.1/armv7e-m/fpu/crtbegin.o
 *(.bss*)
 *(COMMON)
 COMMON         0x20000028       0x98 Core\Src\ADC_libF3.o
                0x20000028                hadc1
                0x2000007c                hdma_adc1
 COMMON         0x200000c0       0xe4 Core\Src\ENKPWM_libF3.o
                0x200000c0                f_obr_motor_3
                0x200000c4                abs_period_motor_2
                0x200000c8                htim17
                0x20000108                f_obr_motor_2
                0x2000010c                abs_period_motor_3
                0x20000110                abs_period_motor_1
                0x20000114                period_motor_2
                0x20000118                f_obr_motor_1
                0x2000011c                htim2
                0x2000015c                htim16
                0x2000019c                period_motor_3
                0x200001a0                period_motor_1
 COMMON         0x200001a4       0x80 Core\Src\PWM_libF3.o
                0x200001a4                htim15
                0x200001e4                htim1
 COMMON         0x20000224       0x24 Core\Src\main.o
                0x20000224                Current
                0x20000230                DMA_Stream
 COMMON         0x20000248        0x4 Drivers\STM32F3xx_HAL_Driver\Src\stm32f3xx_hal.o
                0x20000248                uwTick
                0x2000024c                . = ALIGN (0x4)
                0x2000024c                _ebss = .
                0x2000024c                __bss_end__ = _ebss

._user_heap_stack
                0x2000024c      0x600 load address 0x08002c9c
                0x2000024c                . = ALIGN (0x4)
                [!provide]                PROVIDE (end, .)
                [!provide]                PROVIDE (_end, .)
                0x2000044c                . = (. + _Min_Heap_Size)
 *fill*         0x2000024c      0x200 
                0x2000084c                . = (. + _Min_Stack_Size)
 *fill*         0x2000044c      0x400 
                0x2000084c                . = ALIGN (0x4)

/DISCARD/
 libc.a(*)
 libm.a(*)
 libgcc.a(*)

.ARM.attributes
                0x00000000       0x30
 *(.ARM.attributes)
 .ARM.attributes
                0x00000000       0x22 c:/program files (x86)/atollic/truestudio for stm32 9.0.0/armtools/bin/../lib/gcc/arm-atollic-eabi/6.3.1/armv7e-m/fpu/crti.o
 .ARM.attributes
                0x00000022       0x34 c:/program files (x86)/atollic/truestudio for stm32 9.0.0/armtools/bin/../lib/gcc/arm-atollic-eabi/6.3.1/armv7e-m/fpu/crtbegin.o
 .ARM.attributes
                0x00000056       0x39 Core\Src\ADC_libF3.o
 .ARM.attributes
                0x0000008f       0x39 Core\Src\ENKPWM_libF3.o
 .ARM.attributes
                0x000000c8       0x39 Core\Src\PWM_libF3.o
 .ARM.attributes
                0x00000101       0x39 Core\Src\main.o
 .ARM.attributes
                0x0000013a       0x39 Core\Src\stm32f3xx_hal_msp.o
 .ARM.attributes
                0x00000173       0x39 Core\Src\stm32f3xx_it.o
 .ARM.attributes
                0x000001ac       0x39 Core\Src\system_stm32f3xx.o
 .ARM.attributes
                0x000001e5       0x39 Drivers\STM32F3xx_HAL_Driver\Src\stm32f3xx_hal.o
 .ARM.attributes
                0x0000021e       0x39 Drivers\STM32F3xx_HAL_Driver\Src\stm32f3xx_hal_adc.o
 .ARM.attributes
                0x00000257       0x39 Drivers\STM32F3xx_HAL_Driver\Src\stm32f3xx_hal_adc_ex.o
 .ARM.attributes
                0x00000290       0x39 Drivers\STM32F3xx_HAL_Driver\Src\stm32f3xx_hal_cortex.o
 .ARM.attributes
                0x000002c9       0x39 Drivers\STM32F3xx_HAL_Driver\Src\stm32f3xx_hal_dma.o
 .ARM.attributes
                0x00000302       0x39 Drivers\STM32F3xx_HAL_Driver\Src\stm32f3xx_hal_gpio.o
 .ARM.attributes
                0x0000033b       0x39 Drivers\STM32F3xx_HAL_Driver\Src\stm32f3xx_hal_rcc.o
 .ARM.attributes
                0x00000374       0x39 Drivers\STM32F3xx_HAL_Driver\Src\stm32f3xx_hal_rcc_ex.o
 .ARM.attributes
                0x000003ad       0x39 Drivers\STM32F3xx_HAL_Driver\Src\stm32f3xx_hal_tim.o
 .ARM.attributes
                0x000003e6       0x39 Drivers\STM32F3xx_HAL_Driver\Src\stm32f3xx_hal_tim_ex.o
 .ARM.attributes
                0x0000041f       0x21 startup\startup_stm32f302x8.o
 .ARM.attributes
                0x00000440       0x34 c:/program files (x86)/atollic/truestudio for stm32 9.0.0/armtools/bin/../lib/gcc/arm-atollic-eabi/6.3.1/../../../../arm-atollic-eabi/lib/armv7e-m/fpu\libc_nano.a(lib_a-init.o)
 .ARM.attributes
                0x00000474       0x22 c:/program files (x86)/atollic/truestudio for stm32 9.0.0/armtools/bin/../lib/gcc/arm-atollic-eabi/6.3.1/armv7e-m/fpu/crtn.o
OUTPUT(crawler.elf elf32-littlearm)

.debug_info     0x00000000    0x18569
 .debug_info    0x00000000      0xe91 Core\Src\ADC_libF3.o
 .debug_info    0x00000e91     0x11ef Core\Src\ENKPWM_libF3.o
 .debug_info    0x00002080     0x10fb Core\Src\PWM_libF3.o
 .debug_info    0x0000317b     0x241c Core\Src\main.o
 .debug_info    0x00005597     0x1a04 Core\Src\stm32f3xx_hal_msp.o
 .debug_info    0x00006f9b      0xf5f Core\Src\stm32f3xx_it.o
 .debug_info    0x00007efa      0xc20 Core\Src\system_stm32f3xx.o
 .debug_info    0x00008b1a     0x103c Drivers\STM32F3xx_HAL_Driver\Src\stm32f3xx_hal.o
 .debug_info    0x00009b56     0x12ee Drivers\STM32F3xx_HAL_Driver\Src\stm32f3xx_hal_adc.o
 .debug_info    0x0000ae44     0x1f1a Drivers\STM32F3xx_HAL_Driver\Src\stm32f3xx_hal_adc_ex.o
 .debug_info    0x0000cd5e     0x1494 Drivers\STM32F3xx_HAL_Driver\Src\stm32f3xx_hal_cortex.o
 .debug_info    0x0000e1f2     0x1040 Drivers\STM32F3xx_HAL_Driver\Src\stm32f3xx_hal_dma.o
 .debug_info    0x0000f232      0xee2 Drivers\STM32F3xx_HAL_Driver\Src\stm32f3xx_hal_gpio.o
 .debug_info    0x00010114     0x1b01 Drivers\STM32F3xx_HAL_Driver\Src\stm32f3xx_hal_rcc.o
 .debug_info    0x00011c15      0xe97 Drivers\STM32F3xx_HAL_Driver\Src\stm32f3xx_hal_rcc_ex.o
 .debug_info    0x00012aac     0x3d10 Drivers\STM32F3xx_HAL_Driver\Src\stm32f3xx_hal_tim.o
 .debug_info    0x000167bc     0x1d3c Drivers\STM32F3xx_HAL_Driver\Src\stm32f3xx_hal_tim_ex.o
 .debug_info    0x000184f8       0x71 startup\startup_stm32f302x8.o

.debug_abbrev   0x00000000     0x2df6
 .debug_abbrev  0x00000000      0x192 Core\Src\ADC_libF3.o
 .debug_abbrev  0x00000192      0x251 Core\Src\ENKPWM_libF3.o
 .debug_abbrev  0x000003e3      0x21e Core\Src\PWM_libF3.o
 .debug_abbrev  0x00000601      0x316 Core\Src\main.o
 .debug_abbrev  0x00000917      0x2ab Core\Src\stm32f3xx_hal_msp.o
 .debug_abbrev  0x00000bc2      0x220 Core\Src\stm32f3xx_it.o
 .debug_abbrev  0x00000de2      0x1ca Core\Src\system_stm32f3xx.o
 .debug_abbrev  0x00000fac      0x2f9 Drivers\STM32F3xx_HAL_Driver\Src\stm32f3xx_hal.o
 .debug_abbrev  0x000012a5      0x24c Drivers\STM32F3xx_HAL_Driver\Src\stm32f3xx_hal_adc.o
 .debug_abbrev  0x000014f1      0x355 Drivers\STM32F3xx_HAL_Driver\Src\stm32f3xx_hal_adc_ex.o
 .debug_abbrev  0x00001846      0x374 Drivers\STM32F3xx_HAL_Driver\Src\stm32f3xx_hal_cortex.o
 .debug_abbrev  0x00001bba      0x2ad Drivers\STM32F3xx_HAL_Driver\Src\stm32f3xx_hal_dma.o
 .debug_abbrev  0x00001e67      0x268 Drivers\STM32F3xx_HAL_Driver\Src\stm32f3xx_hal_gpio.o
 .debug_abbrev  0x000020cf      0x345 Drivers\STM32F3xx_HAL_Driver\Src\stm32f3xx_hal_rcc.o
 .debug_abbrev  0x00002414      0x318 Drivers\STM32F3xx_HAL_Driver\Src\stm32f3xx_hal_rcc_ex.o
 .debug_abbrev  0x0000272c      0x3ab Drivers\STM32F3xx_HAL_Driver\Src\stm32f3xx_hal_tim.o
 .debug_abbrev  0x00002ad7      0x30d Drivers\STM32F3xx_HAL_Driver\Src\stm32f3xx_hal_tim_ex.o
 .debug_abbrev  0x00002de4       0x12 startup\startup_stm32f302x8.o

.debug_aranges  0x00000000      0x9d0
 .debug_aranges
                0x00000000       0x18 Core\Src\ADC_libF3.o
 .debug_aranges
                0x00000018       0x38 Core\Src\ENKPWM_libF3.o
 .debug_aranges
                0x00000050       0x38 Core\Src\PWM_libF3.o
 .debug_aranges
                0x00000088       0x30 Core\Src\main.o
 .debug_aranges
                0x000000b8       0x58 Core\Src\stm32f3xx_hal_msp.o
 .debug_aranges
                0x00000110       0x68 Core\Src\stm32f3xx_it.o
 .debug_aranges
                0x00000178       0x28 Core\Src\system_stm32f3xx.o
 .debug_aranges
                0x000001a0       0xd8 Drivers\STM32F3xx_HAL_Driver\Src\stm32f3xx_hal.o
 .debug_aranges
                0x00000278       0x60 Drivers\STM32F3xx_HAL_Driver\Src\stm32f3xx_hal_adc.o
 .debug_aranges
                0x000002d8      0x128 Drivers\STM32F3xx_HAL_Driver\Src\stm32f3xx_hal_adc_ex.o
 .debug_aranges
                0x00000400       0x90 Drivers\STM32F3xx_HAL_Driver\Src\stm32f3xx_hal_cortex.o
 .debug_aranges
                0x00000490       0x78 Drivers\STM32F3xx_HAL_Driver\Src\stm32f3xx_hal_dma.o
 .debug_aranges
                0x00000508       0x58 Drivers\STM32F3xx_HAL_Driver\Src\stm32f3xx_hal_gpio.o
 .debug_aranges
                0x00000560       0x88 Drivers\STM32F3xx_HAL_Driver\Src\stm32f3xx_hal_rcc.o
 .debug_aranges
                0x000005e8       0x38 Drivers\STM32F3xx_HAL_Driver\Src\stm32f3xx_hal_rcc_ex.o
 .debug_aranges
                0x00000620      0x268 Drivers\STM32F3xx_HAL_Driver\Src\stm32f3xx_hal_tim.o
 .debug_aranges
                0x00000888      0x120 Drivers\STM32F3xx_HAL_Driver\Src\stm32f3xx_hal_tim_ex.o
 .debug_aranges
                0x000009a8       0x28 startup\startup_stm32f302x8.o

.debug_line     0x00000000     0x64c9
 .debug_line    0x00000000      0x2b2 Core\Src\ADC_libF3.o
 .debug_line    0x000002b2      0x35f Core\Src\ENKPWM_libF3.o
 .debug_line    0x00000611      0x32d Core\Src\PWM_libF3.o
 .debug_line    0x0000093e      0x533 Core\Src\main.o
 .debug_line    0x00000e71      0x48b Core\Src\stm32f3xx_hal_msp.o
 .debug_line    0x000012fc      0x376 Core\Src\stm32f3xx_it.o
 .debug_line    0x00001672      0x285 Core\Src\system_stm32f3xx.o
 .debug_line    0x000018f7      0x47d Drivers\STM32F3xx_HAL_Driver\Src\stm32f3xx_hal.o
 .debug_line    0x00001d74      0x377 Drivers\STM32F3xx_HAL_Driver\Src\stm32f3xx_hal_adc.o
 .debug_line    0x000020eb      0xd67 Drivers\STM32F3xx_HAL_Driver\Src\stm32f3xx_hal_adc_ex.o
 .debug_line    0x00002e52      0x426 Drivers\STM32F3xx_HAL_Driver\Src\stm32f3xx_hal_cortex.o
 .debug_line    0x00003278      0x580 Drivers\STM32F3xx_HAL_Driver\Src\stm32f3xx_hal_dma.o
 .debug_line    0x000037f8      0x459 Drivers\STM32F3xx_HAL_Driver\Src\stm32f3xx_hal_gpio.o
 .debug_line    0x00003c51      0x846 Drivers\STM32F3xx_HAL_Driver\Src\stm32f3xx_hal_rcc.o
 .debug_line    0x00004497      0x4f8 Drivers\STM32F3xx_HAL_Driver\Src\stm32f3xx_hal_rcc_ex.o
 .debug_line    0x0000498f     0x11cc Drivers\STM32F3xx_HAL_Driver\Src\stm32f3xx_hal_tim.o
 .debug_line    0x00005b5b      0x8ef Drivers\STM32F3xx_HAL_Driver\Src\stm32f3xx_hal_tim_ex.o
 .debug_line    0x0000644a       0x7f startup\startup_stm32f302x8.o

.debug_str      0x00000000     0x3cd3
 .debug_str     0x00000000      0x96a Core\Src\ADC_libF3.o
                                0xa62 (size before relaxing)
 .debug_str     0x0000096a      0x378 Core\Src\ENKPWM_libF3.o
                                0xbc0 (size before relaxing)
 .debug_str     0x00000ce2       0x95 Core\Src\PWM_libF3.o
                                0xacc (size before relaxing)
 .debug_str     0x00000d77      0xad7 Core\Src\main.o
                               0x18cf (size before relaxing)
 .debug_str     0x0000184e      0x119 Core\Src\stm32f3xx_hal_msp.o
                               0x11eb (size before relaxing)
 .debug_str     0x00001967      0x154 Core\Src\stm32f3xx_it.o
                                0xb58 (size before relaxing)
 .debug_str     0x00001abb       0xb3 Core\Src\system_stm32f3xx.o
                                0x72e (size before relaxing)
 .debug_str     0x00001b6e      0x2df Drivers\STM32F3xx_HAL_Driver\Src\stm32f3xx_hal.o
                                0xd41 (size before relaxing)
 .debug_str     0x00001e4d      0x1fd Drivers\STM32F3xx_HAL_Driver\Src\stm32f3xx_hal_adc.o
                                0xd3a (size before relaxing)
 .debug_str     0x0000204a      0x558 Drivers\STM32F3xx_HAL_Driver\Src\stm32f3xx_hal_adc_ex.o
                               0x1271 (size before relaxing)
 .debug_str     0x000025a2      0x201 Drivers\STM32F3xx_HAL_Driver\Src\stm32f3xx_hal_cortex.o
                                0xdb1 (size before relaxing)
 .debug_str     0x000027a3      0x209 Drivers\STM32F3xx_HAL_Driver\Src\stm32f3xx_hal_dma.o
                                0xab4 (size before relaxing)
 .debug_str     0x000029ac      0x11d Drivers\STM32F3xx_HAL_Driver\Src\stm32f3xx_hal_gpio.o
                                0x8d6 (size before relaxing)
 .debug_str     0x00002ac9      0x1bc Drivers\STM32F3xx_HAL_Driver\Src\stm32f3xx_hal_rcc.o
                                0xaac (size before relaxing)
 .debug_str     0x00002c85       0xbe Drivers\STM32F3xx_HAL_Driver\Src\stm32f3xx_hal_rcc_ex.o
                                0x96e (size before relaxing)
 .debug_str     0x00002d43      0xb54 Drivers\STM32F3xx_HAL_Driver\Src\stm32f3xx_hal_tim.o
                               0x1849 (size before relaxing)
 .debug_str     0x00003897      0x43c Drivers\STM32F3xx_HAL_Driver\Src\stm32f3xx_hal_tim_ex.o
                               0x127c (size before relaxing)

.comment        0x00000000       0x7c
 .comment       0x00000000       0x7c Core\Src\ADC_libF3.o
                                 0x7d (size before relaxing)
 .comment       0x0000007c       0x7d Core\Src\ENKPWM_libF3.o
 .comment       0x0000007c       0x7d Core\Src\PWM_libF3.o
 .comment       0x0000007c       0x7d Core\Src\main.o
 .comment       0x0000007c       0x7d Core\Src\stm32f3xx_hal_msp.o
 .comment       0x0000007c       0x7d Core\Src\stm32f3xx_it.o
 .comment       0x0000007c       0x7d Core\Src\system_stm32f3xx.o
 .comment       0x0000007c       0x7d Drivers\STM32F3xx_HAL_Driver\Src\stm32f3xx_hal.o
 .comment       0x0000007c       0x7d Drivers\STM32F3xx_HAL_Driver\Src\stm32f3xx_hal_adc.o
 .comment       0x0000007c       0x7d Drivers\STM32F3xx_HAL_Driver\Src\stm32f3xx_hal_adc_ex.o
 .comment       0x0000007c       0x7d Drivers\STM32F3xx_HAL_Driver\Src\stm32f3xx_hal_cortex.o
 .comment       0x0000007c       0x7d Drivers\STM32F3xx_HAL_Driver\Src\stm32f3xx_hal_dma.o
 .comment       0x0000007c       0x7d Drivers\STM32F3xx_HAL_Driver\Src\stm32f3xx_hal_gpio.o
 .comment       0x0000007c       0x7d Drivers\STM32F3xx_HAL_Driver\Src\stm32f3xx_hal_rcc.o
 .comment       0x0000007c       0x7d Drivers\STM32F3xx_HAL_Driver\Src\stm32f3xx_hal_rcc_ex.o
 .comment       0x0000007c       0x7d Drivers\STM32F3xx_HAL_Driver\Src\stm32f3xx_hal_tim.o
 .comment       0x0000007c       0x7d Drivers\STM32F3xx_HAL_Driver\Src\stm32f3xx_hal_tim_ex.o

.debug_loc      0x00000000     0x7589
 .debug_loc     0x00000000       0xa8 Core\Src\ENKPWM_libF3.o
 .debug_loc     0x000000a8       0x21 Core\Src\PWM_libF3.o
 .debug_loc     0x000000c9      0x140 Core\Src\stm32f3xx_hal_msp.o
 .debug_loc     0x00000209       0xe2 Core\Src\system_stm32f3xx.o
 .debug_loc     0x000002eb      0x11b Drivers\STM32F3xx_HAL_Driver\Src\stm32f3xx_hal.o
 .debug_loc     0x00000406      0x108 Drivers\STM32F3xx_HAL_Driver\Src\stm32f3xx_hal_adc.o
 .debug_loc     0x0000050e     0x145c Drivers\STM32F3xx_HAL_Driver\Src\stm32f3xx_hal_adc_ex.o
 .debug_loc     0x0000196a      0x4da Drivers\STM32F3xx_HAL_Driver\Src\stm32f3xx_hal_cortex.o
 .debug_loc     0x00001e44      0x5de Drivers\STM32F3xx_HAL_Driver\Src\stm32f3xx_hal_dma.o
 .debug_loc     0x00002422      0x2ba Drivers\STM32F3xx_HAL_Driver\Src\stm32f3xx_hal_gpio.o
 .debug_loc     0x000026dc      0x8a8 Drivers\STM32F3xx_HAL_Driver\Src\stm32f3xx_hal_rcc.o
 .debug_loc     0x00002f84      0x5ac Drivers\STM32F3xx_HAL_Driver\Src\stm32f3xx_hal_rcc_ex.o
 .debug_loc     0x00003530     0x31d4 Drivers\STM32F3xx_HAL_Driver\Src\stm32f3xx_hal_tim.o
 .debug_loc     0x00006704      0xe85 Drivers\STM32F3xx_HAL_Driver\Src\stm32f3xx_hal_tim_ex.o

.debug_ranges   0x00000000      0xe20
 .debug_ranges  0x00000000       0x28 Core\Src\ENKPWM_libF3.o
 .debug_ranges  0x00000028       0x28 Core\Src\PWM_libF3.o
 .debug_ranges  0x00000050       0xf0 Core\Src\main.o
 .debug_ranges  0x00000140      0x118 Core\Src\stm32f3xx_hal_msp.o
 .debug_ranges  0x00000258       0x58 Core\Src\stm32f3xx_it.o
 .debug_ranges  0x000002b0       0x18 Core\Src\system_stm32f3xx.o
 .debug_ranges  0x000002c8       0xc8 Drivers\STM32F3xx_HAL_Driver\Src\stm32f3xx_hal.o
 .debug_ranges  0x00000390       0x50 Drivers\STM32F3xx_HAL_Driver\Src\stm32f3xx_hal_adc.o
 .debug_ranges  0x000003e0      0x118 Drivers\STM32F3xx_HAL_Driver\Src\stm32f3xx_hal_adc_ex.o
 .debug_ranges  0x000004f8      0x120 Drivers\STM32F3xx_HAL_Driver\Src\stm32f3xx_hal_cortex.o
 .debug_ranges  0x00000618       0xd8 Drivers\STM32F3xx_HAL_Driver\Src\stm32f3xx_hal_dma.o
 .debug_ranges  0x000006f0       0x68 Drivers\STM32F3xx_HAL_Driver\Src\stm32f3xx_hal_gpio.o
 .debug_ranges  0x00000758      0x1d8 Drivers\STM32F3xx_HAL_Driver\Src\stm32f3xx_hal_rcc.o
 .debug_ranges  0x00000930       0x78 Drivers\STM32F3xx_HAL_Driver\Src\stm32f3xx_hal_rcc_ex.o
 .debug_ranges  0x000009a8      0x348 Drivers\STM32F3xx_HAL_Driver\Src\stm32f3xx_hal_tim.o
 .debug_ranges  0x00000cf0      0x110 Drivers\STM32F3xx_HAL_Driver\Src\stm32f3xx_hal_tim_ex.o
 .debug_ranges  0x00000e00       0x20 startup\startup_stm32f302x8.o

.debug_frame    0x00000000     0x1c6c
 .debug_frame   0x00000000       0x74 Core\Src\ENKPWM_libF3.o
 .debug_frame   0x00000074       0x84 Core\Src\PWM_libF3.o
 .debug_frame   0x000000f8       0x5c Core\Src\main.o
 .debug_frame   0x00000154      0x100 Core\Src\stm32f3xx_hal_msp.o
 .debug_frame   0x00000254      0x104 Core\Src\stm32f3xx_it.o
 .debug_frame   0x00000358       0x38 Core\Src\system_stm32f3xx.o
 .debug_frame   0x00000390      0x1d0 Drivers\STM32F3xx_HAL_Driver\Src\stm32f3xx_hal.o
 .debug_frame   0x00000560      0x170 Drivers\STM32F3xx_HAL_Driver\Src\stm32f3xx_hal_adc.o
 .debug_frame   0x000006d0      0x3b8 Drivers\STM32F3xx_HAL_Driver\Src\stm32f3xx_hal_adc_ex.o
 .debug_frame   0x00000a88      0x120 Drivers\STM32F3xx_HAL_Driver\Src\stm32f3xx_hal_cortex.o
 .debug_frame   0x00000ba8      0x13c Drivers\STM32F3xx_HAL_Driver\Src\stm32f3xx_hal_dma.o
 .debug_frame   0x00000ce4       0xd8 Drivers\STM32F3xx_HAL_Driver\Src\stm32f3xx_hal_gpio.o
 .debug_frame   0x00000dbc      0x140 Drivers\STM32F3xx_HAL_Driver\Src\stm32f3xx_hal_rcc.o
 .debug_frame   0x00000efc       0xa8 Drivers\STM32F3xx_HAL_Driver\Src\stm32f3xx_hal_rcc_ex.o
 .debug_frame   0x00000fa4      0x8b8 Drivers\STM32F3xx_HAL_Driver\Src\stm32f3xx_hal_tim.o
 .debug_frame   0x0000185c      0x3e4 Drivers\STM32F3xx_HAL_Driver\Src\stm32f3xx_hal_tim_ex.o
 .debug_frame   0x00001c40       0x2c c:/program files (x86)/atollic/truestudio for stm32 9.0.0/armtools/bin/../lib/gcc/arm-atollic-eabi/6.3.1/../../../../arm-atollic-eabi/lib/armv7e-m/fpu\libc_nano.a(lib_a-init.o)
