stm32f3xx_it.c:56:6:NMI_Handler	0	static
stm32f3xx_it.c:69:6:HardFault_Handler	0	static
stm32f3xx_it.c:87:6:MemManage_Handler	0	static
stm32f3xx_it.c:105:6:BusFault_Handler	0	static
stm32f3xx_it.c:123:6:UsageFault_Handler	0	static
stm32f3xx_it.c:141:6:SVC_Handler	0	static
stm32f3xx_it.c:154:6:DebugMon_Handler	0	static
stm32f3xx_it.c:167:6:PendSV_Handler	0	static
stm32f3xx_it.c:180:6:SysTick_Handler	8	static
stm32f3xx_it.c:202:6:DMA1_Channel1_IRQHandler	0	static
stm32f3xx_it.c:216:6:TIM1_UP_TIM16_IRQHandler	8	static
stm32f3xx_it.c:231:6:TIM1_TRG_COM_TIM17_IRQHandler	8	static
stm32f3xx_it.c:246:6:TIM2_IRQHandler	0	static
